
> die-pattern-frontend@1.0.0 build
> next build

   Γû▓ Next.js 14.1.0

   Creating an optimized production build ...
 Γ£ô Compiled successfully
   Linting and checking validity of types ...
node.exe : Failed to compile.
At line:1 char:1
+ & "C:\Program Files\nodejs/node.exe" "C:\Users\Admin\AppData\Roaming\ ...
+ ~~~~~~~~~~~~~~~~~~~~~~~~~~~~~~~~~~~~~~~~~~~~~~~~~~~~~~~~~~~~~~~~~~~~~
    + CategoryInfo          : NotSpecified: (Failed to compile.:String) [], Re 
   moteException
    + FullyQualifiedErrorId : NativeCommandError
 

./components/purchase-indents/pi-item-selection-dialog.tsx:21:3
Type error: Object literal may only specify known properties, and 'Outward' 
does not exist in type 'Record<ItemProcessState, string>'.

[0m [90m 19 |[39m   [33mInQC[39m[33m:[39m [32m"In 
QC"[39m[33m,[39m[0m
[0m [90m 20 |[39m   [33mInJobwork[39m[33m:[39m [32m"In Job 
work"[39m[33m,[39m[0m
[0m[31m[1m>[22m[39m[90m 21 |[39m   [33mOutward[39m[33m:[39m 
[32m"Outward"[39m[33m,[39m[0m
[0m [90m    |[39m   [31m[1m^[22m[39m[0m
[0m [90m 22 |[39m   [33mInStock[39m[33m:[39m [32m"In 
Stock"[39m[33m,[39m[0m
[0m [90m 23 |[39m }[33m;[39m[0m
[0m [90m 24 |[39m[0m
