  Determining projects to restore...
  All projects are up-to-date for restore.
C:\Users\Admin\Documents\AiraEuro\die_pattern\backend\Controllers\InwardsController.cs(90,119): error CS1061: 'Movement' does not contain a definition for 'MovementNo' and no accessible extension method 'MovementNo' accepting a first argument of type 'Movement' could be found (are you missing a using directive or an assembly reference?) [C:\Users\Admin\Documents\AiraEuro\die_pattern\backend\net_backend.csproj]
C:\Users\Admin\Documents\AiraEuro\die_pattern\backend\Controllers\InwardsController.cs(132,119): error CS1061: 'Movement' does not contain a definition for 'MovementNo' and no accessible extension method 'MovementNo' accepting a first argument of type 'Movement' could be found (are you missing a using directive or an assembly reference?) [C:\Users\Admin\Documents\AiraEuro\die_pattern\backend\net_backend.csproj]
C:\Users\Admin\Documents\AiraEuro\die_pattern\backend\Controllers\InwardsController.cs(250,60): warning CS1998: This async method lacks 'await' operators and will run synchronously. Consider using the 'await' operator to await non-blocking API calls, or 'await Task.Run(...)' to do CPU-bound work on a background thread. [C:\Users\Admin\Documents\AiraEuro\die_pattern\backend\net_backend.csproj]

Build FAILED.

C:\Users\Admin\Documents\AiraEuro\die_pattern\backend\Controllers\InwardsController.cs(250,60): warning CS1998: This async method lacks 'await' operators and will run synchronously. Consider using the 'await' operator to await non-blocking API calls, or 'await Task.Run(...)' to do CPU-bound work on a background thread. [C:\Users\Admin\Documents\AiraEuro\die_pattern\backend\net_backend.csproj]
C:\Users\Admin\Documents\AiraEuro\die_pattern\backend\Controllers\InwardsController.cs(90,119): error CS1061: 'Movement' does not contain a definition for 'MovementNo' and no accessible extension method 'MovementNo' accepting a first argument of type 'Movement' could be found (are you missing a using directive or an assembly reference?) [C:\Users\Admin\Documents\AiraEuro\die_pattern\backend\net_backend.csproj]
C:\Users\Admin\Documents\AiraEuro\die_pattern\backend\Controllers\InwardsController.cs(132,119): error CS1061: 'Movement' does not contain a definition for 'MovementNo' and no accessible extension method 'MovementNo' accepting a first argument of type 'Movement' could be found (are you missing a using directive or an assembly reference?) [C:\Users\Admin\Documents\AiraEuro\die_pattern\backend\net_backend.csproj]
    1 Warning(s)
    2 Error(s)

Time Elapsed 00:00:01.72
