  Determining projects to restore...
  All projects are up-to-date for restore.
C:\Users\Admin\Documents\AiraEuro\die_pattern\backend\Data\ApplicationDbContext.cs(8,16): warning CS8618: Non-nullable property 'AppSettings' must contain a non-null value when exiting constructor. Consider adding the 'required' modifier or declaring the property as nullable. [C:\Users\Admin\Documents\AiraEuro\die_pattern\backend\net_backend.csproj]
C:\Users\Admin\Documents\AiraEuro\die_pattern\backend\Data\ApplicationDbContext.cs(8,16): warning CS8618: Non-nullable property 'AuditLogs' must contain a non-null value when exiting constructor. Consider adding the 'required' modifier or declaring the property as nullable. [C:\Users\Admin\Documents\AiraEuro\die_pattern\backend\net_backend.csproj]
C:\Users\Admin\Documents\AiraEuro\die_pattern\backend\Data\ApplicationDbContext.cs(8,16): warning CS8618: Non-nullable property 'Companies' must contain a non-null value when exiting constructor. Consider adding the 'required' modifier or declaring the property as nullable. [C:\Users\Admin\Documents\AiraEuro\die_pattern\backend\net_backend.csproj]
C:\Users\Admin\Documents\AiraEuro\die_pattern\backend\Data\ApplicationDbContext.cs(8,16): warning CS8618: Non-nullable property 'Locations' must contain a non-null value when exiting constructor. Consider adding the 'required' modifier or declaring the property as nullable. [C:\Users\Admin\Documents\AiraEuro\die_pattern\backend\net_backend.csproj]
C:\Users\Admin\Documents\AiraEuro\die_pattern\backend\Data\ApplicationDbContext.cs(8,16): warning CS8618: Non-nullable property 'Parties' must contain a non-null value when exiting constructor. Consider adding the 'required' modifier or declaring the property as nullable. [C:\Users\Admin\Documents\AiraEuro\die_pattern\backend\net_backend.csproj]
C:\Users\Admin\Documents\AiraEuro\die_pattern\backend\Data\ApplicationDbContext.cs(8,16): warning CS8618: Non-nullable property 'ItemTypes' must contain a non-null value when exiting constructor. Consider adding the 'required' modifier or declaring the property as nullable. [C:\Users\Admin\Documents\AiraEuro\die_pattern\backend\net_backend.csproj]
C:\Users\Admin\Documents\AiraEuro\die_pattern\backend\Data\ApplicationDbContext.cs(8,16): warning CS8618: Non-nullable property 'ItemStatuses' must contain a non-null value when exiting constructor. Consider adding the 'required' modifier or declaring the property as nullable. [C:\Users\Admin\Documents\AiraEuro\die_pattern\backend\net_backend.csproj]
C:\Users\Admin\Documents\AiraEuro\die_pattern\backend\Data\ApplicationDbContext.cs(8,16): warning CS8618: Non-nullable property 'Materials' must contain a non-null value when exiting constructor. Consider adding the 'required' modifier or declaring the property as nullable. [C:\Users\Admin\Documents\AiraEuro\die_pattern\backend\net_backend.csproj]
C:\Users\Admin\Documents\AiraEuro\die_pattern\backend\Data\ApplicationDbContext.cs(8,16): warning CS8618: Non-nullable property 'OwnerTypes' must contain a non-null value when exiting constructor. Consider adding the 'required' modifier or declaring the property as nullable. [C:\Users\Admin\Documents\AiraEuro\die_pattern\backend\net_backend.csproj]
C:\Users\Admin\Documents\AiraEuro\die_pattern\backend\Data\ApplicationDbContext.cs(8,16): warning CS8618: Non-nullable property 'Items' must contain a non-null value when exiting constructor. Consider adding the 'required' modifier or declaring the property as nullable. [C:\Users\Admin\Documents\AiraEuro\die_pattern\backend\net_backend.csproj]
C:\Users\Admin\Documents\AiraEuro\die_pattern\backend\Data\ApplicationDbContext.cs(8,16): warning CS8618: Non-nullable property 'ProformaInvoices' must contain a non-null value when exiting constructor. Consider adding the 'required' modifier or declaring the property as nullable. [C:\Users\Admin\Documents\AiraEuro\die_pattern\backend\net_backend.csproj]
C:\Users\Admin\Documents\AiraEuro\die_pattern\backend\Data\ApplicationDbContext.cs(8,16): warning CS8618: Non-nullable property 'ProformaInvoiceItems' must contain a non-null value when exiting constructor. Consider adding the 'required' modifier or declaring the property as nullable. [C:\Users\Admin\Documents\AiraEuro\die_pattern\backend\net_backend.csproj]
C:\Users\Admin\Documents\AiraEuro\die_pattern\backend\Data\ApplicationDbContext.cs(8,16): warning CS8618: Non-nullable property 'PurchaseOrders' must contain a non-null value when exiting constructor. Consider adding the 'required' modifier or declaring the property as nullable. [C:\Users\Admin\Documents\AiraEuro\die_pattern\backend\net_backend.csproj]
C:\Users\Admin\Documents\AiraEuro\die_pattern\backend\Data\ApplicationDbContext.cs(8,16): warning CS8618: Non-nullable property 'PurchaseOrderItems' must contain a non-null value when exiting constructor. Consider adding the 'required' modifier or declaring the property as nullable. [C:\Users\Admin\Documents\AiraEuro\die_pattern\backend\net_backend.csproj]
C:\Users\Admin\Documents\AiraEuro\die_pattern\backend\Data\ApplicationDbContext.cs(8,16): warning CS8618: Non-nullable property 'Movements' must contain a non-null value when exiting constructor. Consider adding the 'required' modifier or declaring the property as nullable. [C:\Users\Admin\Documents\AiraEuro\die_pattern\backend\net_backend.csproj]
C:\Users\Admin\Documents\AiraEuro\die_pattern\backend\Data\ApplicationDbContext.cs(8,16): warning CS8618: Non-nullable property 'QualityControls' must contain a non-null value when exiting constructor. Consider adding the 'required' modifier or declaring the property as nullable. [C:\Users\Admin\Documents\AiraEuro\die_pattern\backend\net_backend.csproj]
C:\Users\Admin\Documents\AiraEuro\die_pattern\backend\Data\ApplicationDbContext.cs(8,16): warning CS8618: Non-nullable property 'ItemChangeLogs' must contain a non-null value when exiting constructor. Consider adding the 'required' modifier or declaring the property as nullable. [C:\Users\Admin\Documents\AiraEuro\die_pattern\backend\net_backend.csproj]
C:\Users\Admin\Documents\AiraEuro\die_pattern\backend\Data\ApplicationDbContext.cs(8,16): warning CS8618: Non-nullable property 'Users' must contain a non-null value when exiting constructor. Consider adding the 'required' modifier or declaring the property as nullable. [C:\Users\Admin\Documents\AiraEuro\die_pattern\backend\net_backend.csproj]
C:\Users\Admin\Documents\AiraEuro\die_pattern\backend\Data\ApplicationDbContext.cs(8,16): warning CS8618: Non-nullable property 'UserPermissions' must contain a non-null value when exiting constructor. Consider adding the 'required' modifier or declaring the property as nullable. [C:\Users\Admin\Documents\AiraEuro\die_pattern\backend\net_backend.csproj]
C:\Users\Admin\Documents\AiraEuro\die_pattern\backend\Services\CodeGeneratorService.cs(27,40): error CS1061: 'ApplicationDbContext' does not contain a definition for 'PurchaseIndents' and no accessible extension method 'PurchaseIndents' accepting a first argument of type 'ApplicationDbContext' could be found (are you missing a using directive or an assembly reference?) [C:\Users\Admin\Documents\AiraEuro\die_pattern\backend\net_backend.csproj]
C:\Users\Admin\Documents\AiraEuro\die_pattern\backend\Controllers\QualityControlController.cs(21,33): error CS1061: 'Movement' does not contain a definition for 'PatternDie' and no accessible extension method 'PatternDie' accepting a first argument of type 'Movement' could be found (are you missing a using directive or an assembly reference?) [C:\Users\Admin\Documents\AiraEuro\die_pattern\backend\net_backend.csproj]
C:\Users\Admin\Documents\AiraEuro\die_pattern\backend\Controllers\QualityControlController.cs(29,21): error CS0117: 'MovementDto' does not contain a definition for 'PatternDieId' [C:\Users\Admin\Documents\AiraEuro\die_pattern\backend\net_backend.csproj]
C:\Users\Admin\Documents\AiraEuro\die_pattern\backend\Controllers\QualityControlController.cs(30,21): error CS0117: 'MovementDto' does not contain a definition for 'PatternDieName' [C:\Users\Admin\Documents\AiraEuro\die_pattern\backend\net_backend.csproj]
C:\Users\Admin\Documents\AiraEuro\die_pattern\backend\Controllers\QualityControlController.cs(47,33): error CS1061: 'Movement' does not contain a definition for 'PatternDie' and no accessible extension method 'PatternDie' accepting a first argument of type 'Movement' could be found (are you missing a using directive or an assembly reference?) [C:\Users\Admin\Documents\AiraEuro\die_pattern\backend\net_backend.csproj]

Build FAILED.

C:\Users\Admin\Documents\AiraEuro\die_pattern\backend\Data\ApplicationDbContext.cs(8,16): warning CS8618: Non-nullable property 'AppSettings' must contain a non-null value when exiting constructor. Consider adding the 'required' modifier or declaring the property as nullable. [C:\Users\Admin\Documents\AiraEuro\die_pattern\backend\net_backend.csproj]
C:\Users\Admin\Documents\AiraEuro\die_pattern\backend\Data\ApplicationDbContext.cs(8,16): warning CS8618: Non-nullable property 'AuditLogs' must contain a non-null value when exiting constructor. Consider adding the 'required' modifier or declaring the property as nullable. [C:\Users\Admin\Documents\AiraEuro\die_pattern\backend\net_backend.csproj]
C:\Users\Admin\Documents\AiraEuro\die_pattern\backend\Data\ApplicationDbContext.cs(8,16): warning CS8618: Non-nullable property 'Companies' must contain a non-null value when exiting constructor. Consider adding the 'required' modifier or declaring the property as nullable. [C:\Users\Admin\Documents\AiraEuro\die_pattern\backend\net_backend.csproj]
C:\Users\Admin\Documents\AiraEuro\die_pattern\backend\Data\ApplicationDbContext.cs(8,16): warning CS8618: Non-nullable property 'Locations' must contain a non-null value when exiting constructor. Consider adding the 'required' modifier or declaring the property as nullable. [C:\Users\Admin\Documents\AiraEuro\die_pattern\backend\net_backend.csproj]
C:\Users\Admin\Documents\AiraEuro\die_pattern\backend\Data\ApplicationDbContext.cs(8,16): warning CS8618: Non-nullable property 'Parties' must contain a non-null value when exiting constructor. Consider adding the 'required' modifier or declaring the property as nullable. [C:\Users\Admin\Documents\AiraEuro\die_pattern\backend\net_backend.csproj]
C:\Users\Admin\Documents\AiraEuro\die_pattern\backend\Data\ApplicationDbContext.cs(8,16): warning CS8618: Non-nullable property 'ItemTypes' must contain a non-null value when exiting constructor. Consider adding the 'required' modifier or declaring the property as nullable. [C:\Users\Admin\Documents\AiraEuro\die_pattern\backend\net_backend.csproj]
C:\Users\Admin\Documents\AiraEuro\die_pattern\backend\Data\ApplicationDbContext.cs(8,16): warning CS8618: Non-nullable property 'ItemStatuses' must contain a non-null value when exiting constructor. Consider adding the 'required' modifier or declaring the property as nullable. [C:\Users\Admin\Documents\AiraEuro\die_pattern\backend\net_backend.csproj]
C:\Users\Admin\Documents\AiraEuro\die_pattern\backend\Data\ApplicationDbContext.cs(8,16): warning CS8618: Non-nullable property 'Materials' must contain a non-null value when exiting constructor. Consider adding the 'required' modifier or declaring the property as nullable. [C:\Users\Admin\Documents\AiraEuro\die_pattern\backend\net_backend.csproj]
C:\Users\Admin\Documents\AiraEuro\die_pattern\backend\Data\ApplicationDbContext.cs(8,16): warning CS8618: Non-nullable property 'OwnerTypes' must contain a non-null value when exiting constructor. Consider adding the 'required' modifier or declaring the property as nullable. [C:\Users\Admin\Documents\AiraEuro\die_pattern\backend\net_backend.csproj]
C:\Users\Admin\Documents\AiraEuro\die_pattern\backend\Data\ApplicationDbContext.cs(8,16): warning CS8618: Non-nullable property 'Items' must contain a non-null value when exiting constructor. Consider adding the 'required' modifier or declaring the property as nullable. [C:\Users\Admin\Documents\AiraEuro\die_pattern\backend\net_backend.csproj]
C:\Users\Admin\Documents\AiraEuro\die_pattern\backend\Data\ApplicationDbContext.cs(8,16): warning CS8618: Non-nullable property 'ProformaInvoices' must contain a non-null value when exiting constructor. Consider adding the 'required' modifier or declaring the property as nullable. [C:\Users\Admin\Documents\AiraEuro\die_pattern\backend\net_backend.csproj]
C:\Users\Admin\Documents\AiraEuro\die_pattern\backend\Data\ApplicationDbContext.cs(8,16): warning CS8618: Non-nullable property 'ProformaInvoiceItems' must contain a non-null value when exiting constructor. Consider adding the 'required' modifier or declaring the property as nullable. [C:\Users\Admin\Documents\AiraEuro\die_pattern\backend\net_backend.csproj]
C:\Users\Admin\Documents\AiraEuro\die_pattern\backend\Data\ApplicationDbContext.cs(8,16): warning CS8618: Non-nullable property 'PurchaseOrders' must contain a non-null value when exiting constructor. Consider adding the 'required' modifier or declaring the property as nullable. [C:\Users\Admin\Documents\AiraEuro\die_pattern\backend\net_backend.csproj]
C:\Users\Admin\Documents\AiraEuro\die_pattern\backend\Data\ApplicationDbContext.cs(8,16): warning CS8618: Non-nullable property 'PurchaseOrderItems' must contain a non-null value when exiting constructor. Consider adding the 'required' modifier or declaring the property as nullable. [C:\Users\Admin\Documents\AiraEuro\die_pattern\backend\net_backend.csproj]
C:\Users\Admin\Documents\AiraEuro\die_pattern\backend\Data\ApplicationDbContext.cs(8,16): warning CS8618: Non-nullable property 'Movements' must contain a non-null value when exiting constructor. Consider adding the 'required' modifier or declaring the property as nullable. [C:\Users\Admin\Documents\AiraEuro\die_pattern\backend\net_backend.csproj]
C:\Users\Admin\Documents\AiraEuro\die_pattern\backend\Data\ApplicationDbContext.cs(8,16): warning CS8618: Non-nullable property 'QualityControls' must contain a non-null value when exiting constructor. Consider adding the 'required' modifier or declaring the property as nullable. [C:\Users\Admin\Documents\AiraEuro\die_pattern\backend\net_backend.csproj]
C:\Users\Admin\Documents\AiraEuro\die_pattern\backend\Data\ApplicationDbContext.cs(8,16): warning CS8618: Non-nullable property 'ItemChangeLogs' must contain a non-null value when exiting constructor. Consider adding the 'required' modifier or declaring the property as nullable. [C:\Users\Admin\Documents\AiraEuro\die_pattern\backend\net_backend.csproj]
C:\Users\Admin\Documents\AiraEuro\die_pattern\backend\Data\ApplicationDbContext.cs(8,16): warning CS8618: Non-nullable property 'Users' must contain a non-null value when exiting constructor. Consider adding the 'required' modifier or declaring the property as nullable. [C:\Users\Admin\Documents\AiraEuro\die_pattern\backend\net_backend.csproj]
C:\Users\Admin\Documents\AiraEuro\die_pattern\backend\Data\ApplicationDbContext.cs(8,16): warning CS8618: Non-nullable property 'UserPermissions' must contain a non-null value when exiting constructor. Consider adding the 'required' modifier or declaring the property as nullable. [C:\Users\Admin\Documents\AiraEuro\die_pattern\backend\net_backend.csproj]
C:\Users\Admin\Documents\AiraEuro\die_pattern\backend\Services\CodeGeneratorService.cs(27,40): error CS1061: 'ApplicationDbContext' does not contain a definition for 'PurchaseIndents' and no accessible extension method 'PurchaseIndents' accepting a first argument of type 'ApplicationDbContext' could be found (are you missing a using directive or an assembly reference?) [C:\Users\Admin\Documents\AiraEuro\die_pattern\backend\net_backend.csproj]
C:\Users\Admin\Documents\AiraEuro\die_pattern\backend\Controllers\QualityControlController.cs(21,33): error CS1061: 'Movement' does not contain a definition for 'PatternDie' and no accessible extension method 'PatternDie' accepting a first argument of type 'Movement' could be found (are you missing a using directive or an assembly reference?) [C:\Users\Admin\Documents\AiraEuro\die_pattern\backend\net_backend.csproj]
C:\Users\Admin\Documents\AiraEuro\die_pattern\backend\Controllers\QualityControlController.cs(29,21): error CS0117: 'MovementDto' does not contain a definition for 'PatternDieId' [C:\Users\Admin\Documents\AiraEuro\die_pattern\backend\net_backend.csproj]
C:\Users\Admin\Documents\AiraEuro\die_pattern\backend\Controllers\QualityControlController.cs(30,21): error CS0117: 'MovementDto' does not contain a definition for 'PatternDieName' [C:\Users\Admin\Documents\AiraEuro\die_pattern\backend\net_backend.csproj]
C:\Users\Admin\Documents\AiraEuro\die_pattern\backend\Controllers\QualityControlController.cs(47,33): error CS1061: 'Movement' does not contain a definition for 'PatternDie' and no accessible extension method 'PatternDie' accepting a first argument of type 'Movement' could be found (are you missing a using directive or an assembly reference?) [C:\Users\Admin\Documents\AiraEuro\die_pattern\backend\net_backend.csproj]
    19 Warning(s)
    5 Error(s)

Time Elapsed 00:00:01.95
